\BOOKMARK [1][-]{section.1}{\376\377\137\025\212\000}{}% 1
\BOOKMARK [1][-]{section.2}{\376\377\166\370\121\163\135\345\117\134}{}% 2
\BOOKMARK [2][-]{subsection.2.1}{\376\377\116\013\116\000\000\040\000P\000O\000I\000\040\230\204\155\113}{section.2}% 3
\BOOKMARK [2][-]{subsection.2.2}{\376\377\213\355\116\111\000\040\000I\000D\000\040\116\016\127\060\164\006\213\355\116\111\210\150\171\072}{section.2}% 4
\BOOKMARK [2][-]{subsection.2.3}{\376\377\150\300\175\042\130\236\137\072\116\016\131\047\213\355\212\000\152\041\127\213\143\250\203\120}{section.2}% 5
\BOOKMARK [2][-]{subsection.2.4}{\376\377\116\023\133\266\215\357\165\061\116\016\131\032\213\301\143\156\207\215\124\010}{section.2}% 6
\BOOKMARK [1][-]{section.3}{\376\377\225\356\230\230\133\232\116\111}{}% 7
\BOOKMARK [1][-]{section.4}{\376\377\145\271\154\325}{}% 8
\BOOKMARK [2][-]{subsection.4.1}{\376\377\140\073\117\123\150\106\147\266}{section.4}% 9
\BOOKMARK [2][-]{subsection.4.2}{\376\377\116\316\171\273\145\143\000\040\000P\000O\000I\000\040\122\060\134\102\153\041\213\355\116\111\202\202\160\271}{section.4}% 10
\BOOKMARK [2][-]{subsection.4.3}{\376\377\000H\000S\000I\000D\166\204\116\044\171\315\154\350\121\145\145\271\137\017}{section.4}% 11
\BOOKMARK [2][-]{subsection.4.4}{\376\377\217\150\217\371\116\012\116\013\145\207\211\343\147\220}{section.4}% 12
\BOOKMARK [2][-]{subsection.4.5}{\376\377\131\032\213\301\143\156\215\357\165\061\120\031\220\011\165\037\142\020}{section.4}% 13
\BOOKMARK [2][-]{subsection.4.6}{\376\377\120\031\220\011\154\140\123\213\177\051\116\016\143\320\171\072\147\204\220\040}{section.4}% 14
\BOOKMARK [2][-]{subsection.4.7}{\376\377\120\031\220\011\147\141\116\366\123\026\143\222\136\217}{section.4}% 15
\BOOKMARK [2][-]{subsection.4.8}{\376\377\213\255\176\303\166\356\150\007\116\016\213\312\145\255\143\007\150\007}{section.4}% 16
\BOOKMARK [2][-]{subsection.4.9}{\376\377\173\227\154\325\155\101\172\013}{section.4}% 17
\BOOKMARK [1][-]{section.5}{\376\377\131\015\147\102\136\246\122\006\147\220}{}% 18
\BOOKMARK [1][-]{section.6}{\376\377\133\236\232\214\116\016\213\250\213\272}{}% 19
\BOOKMARK [2][-]{subsection.6.1}{\376\377\145\160\143\156\226\306\116\016\213\276\133\232}{section.6}% 20
\BOOKMARK [2][-]{subsection.6.2}{\376\377\213\304\116\367\143\007\150\007}{section.6}% 21
\BOOKMARK [2][-]{subsection.6.3}{\376\377\133\371\153\324\145\271\154\325}{section.6}% 22
\BOOKMARK [2][-]{subsection.6.4}{\376\377\140\073\117\123\140\047\200\375}{section.6}% 23
\BOOKMARK [2][-]{subsection.6.5}{\376\377\120\031\220\011\123\354\126\336\213\312\145\255}{section.6}% 24
\BOOKMARK [2][-]{subsection.6.6}{\376\377\155\210\207\215\133\236\232\214}{section.6}% 25
\BOOKMARK [2][-]{subsection.6.7}{\376\377\143\320\171\072\225\177\136\246\116\016\145\110\163\207}{section.6}% 26
\BOOKMARK [2][-]{subsection.6.8}{\376\377\116\072\116\300\116\110\116\015\166\364\143\245\124\175\124\015\116\072\000\040\000H\000S\000I\000D\000\040\145\271\154\325}{section.6}% 27
\BOOKMARK [2][-]{subsection.6.9}{\376\377\116\072\116\300\116\110\116\015\166\364\143\245\124\175\124\015\116\072\000\040\000E\000x\000p\000e\000r\000t\000R\000A\000G}{section.6}% 28
\BOOKMARK [2][-]{subsection.6.10}{\376\377\120\031\220\011\165\037\142\020\116\072\116\300\116\110\146\057\150\070\137\303\215\041\163\056}{section.6}% 29
\BOOKMARK [2][-]{subsection.6.11}{\376\377\134\100\226\120\140\047\116\016\147\052\147\145\135\345\117\134}{section.6}% 30
\BOOKMARK [1][-]{section.7}{\376\377\176\323\213\272}{}% 31
